------------------------------------------------------------
Timing Analyzer Summary
------------------------------------------------------------

Type  : Slow 1200mV 85C Model Setup 'clk'
Slack : -4.794
TNS   : -38.338

Type  : Slow 1200mV 85C Model Setup 'lcd:lcd_map|E'
Slack : -0.388
TNS   : -10.235

Type  : Slow 1200mV 85C Model Hold 'lcd:lcd_map|E'
Slack : 0.494
TNS   : 0.000

Type  : Slow 1200mV 85C Model Hold 'clk'
Slack : 0.735
TNS   : 0.000

Type  : Slow 1200mV 85C Model Minimum Pulse Width 'clk'
Slack : -3.000
TNS   : -28.279

Type  : Slow 1200mV 85C Model Minimum Pulse Width 'lcd:lcd_map|E'
Slack : -1.487
TNS   : -89.220

Type  : Slow 1200mV 0C Model Setup 'clk'
Slack : -4.354
TNS   : -33.326

Type  : Slow 1200mV 0C Model Setup 'lcd:lcd_map|E'
Slack : -0.290
TNS   : -5.941

Type  : Slow 1200mV 0C Model Hold 'lcd:lcd_map|E'
Slack : 0.459
TNS   : 0.000

Type  : Slow 1200mV 0C Model Hold 'clk'
Slack : 0.683
TNS   : 0.000

Type  : Slow 1200mV 0C Model Minimum Pulse Width 'clk'
Slack : -3.000
TNS   : -28.279

Type  : Slow 1200mV 0C Model Minimum Pulse Width 'lcd:lcd_map|E'
Slack : -1.487
TNS   : -89.220

Type  : Fast 1200mV 0C Model Setup 'clk'
Slack : -1.433
TNS   : -7.548

Type  : Fast 1200mV 0C Model Setup 'lcd:lcd_map|E'
Slack : 0.395
TNS   : 0.000

Type  : Fast 1200mV 0C Model Hold 'lcd:lcd_map|E'
Slack : 0.193
TNS   : 0.000

Type  : Fast 1200mV 0C Model Hold 'clk'
Slack : 0.291
TNS   : 0.000

Type  : Fast 1200mV 0C Model Minimum Pulse Width 'clk'
Slack : -3.000
TNS   : -21.105

Type  : Fast 1200mV 0C Model Minimum Pulse Width 'lcd:lcd_map|E'
Slack : -1.000
TNS   : -60.000

------------------------------------------------------------
